[2026-07-28 19:11:29] [INFO    ] discord.client: logging in using static token
Traceback (most recent call last):
  File "/data/data/com.termux/files/usr/lib/python3.14/site-packages/discord/http.py", line 844, in static_login
    data = await self.request(Route('GET', '/users/@me'))
           ^^^^^^^^^^^^^^^^^^^^^^^^^^^^^^^^^^^^^^^^^^^^^^
  File "/data/data/com.termux/files/usr/lib/python3.14/site-packages/discord/http.py", line 778, in request
    raise HTTPException(response, data)
discord.errors.HTTPException: 401 Unauthorized (error code: 0): 401: Unauthorized

The above exception was the direct cause of the following exception:

Traceback (most recent call last):
  File "/data/data/com.termux/files/home/MONARCH2026/bots/bot_monarch_api_v8.py", line 443, in <module>
    bot.run(TOKEN)
    ~~~~~~~^^^^^^^
  File "/data/data/com.termux/files/usr/lib/python3.14/site-packages/discord/client.py", line 933, in run
    asyncio.run(runner())
    ~~~~~~~~~~~^^^^^^^^^^
  File "/data/data/com.termux/files/usr/lib/python3.14/asyncio/runners.py", line 205, in run
    return runner.run(main)
           ~~~~~~~~~~^^^^^^
  File "/data/data/com.termux/files/usr/lib/python3.14/asyncio/runners.py", line 128, in run
    return self._loop.run_until_complete(task)
           ~~~~~~~~~~~~~~~~~~~~~~~~~~~~~^^^^^^
  File "/data/data/com.termux/files/usr/lib/python3.14/asyncio/base_events.py", line 719, in run_until_complete
    return future.result()
           ~~~~~~~~~~~~~^^
  File "/data/data/com.termux/files/usr/lib/python3.14/site-packages/discord/client.py", line 922, in runner
    await self.start(token, reconnect=reconnect)
  File "/data/data/com.termux/files/usr/lib/python3.14/site-packages/discord/client.py", line 850, in start
    await self.login(token)
  File "/data/data/com.termux/files/usr/lib/python3.14/site-packages/discord/client.py", line 679, in login
    data = await self.http.static_login(token)
           ^^^^^^^^^^^^^^^^^^^^^^^^^^^^^^^^^^^
  File "/data/data/com.termux/files/usr/lib/python3.14/site-packages/discord/http.py", line 848, in static_login
    raise LoginFailure('Improper token has been passed.') from exc
discord.errors.LoginFailure: Improper token has been passed.
